// Jest Snapshot v1, https://goo.gl/fbAQLP

exports[`apperance should match the snapshot 1`] = `
<div>
  <table
    class="file-table"
  >
    <thead
      class="file-table-header"
    >
      <tr>
        <th
          colspan="5"
        >
          <div
            class="top-header"
          >
            <button
              aria-checked="false"
              aria-label="Select all"
              class="checkbox"
              role="checkbox"
            />
            <div
              class="selected-count"
            >
              Selected 
              0
            </div>
            <button
              class="download-button"
            >
              <i
                class="bi-download download-icon"
              />
              Download Selected
            </button>
          </div>
        </th>
      </tr>
      <tr>
        <th />
        <th>
          Name
        </th>
        <th>
          Device
        </th>
        <th>
          Path
        </th>
        <th
          class="status-header"
        >
          Status
        </th>
      </tr>
    </thead>
    <tbody>
      <tr
        class="file-table-row unselectable"
      >
        <td
          class="selected"
        >
          <button
            aria-checked="false"
            aria-label="Select"
            class="checkbox disabled"
            disabled=""
            role="checkbox"
          />
        </td>
        <td>
          smss.exe
        </td>
        <td>
          Mario
        </td>
        <td>
          \\Device\\HarddiskVolume2\\Windows\\System32\\smss.exe
        </td>
        <td>
          <div
            class="status-cell"
          >
            <div
              aria-hidden="true"
              aria-label="available"
              class="available-marker"
              role="img"
            />
            Scheduled
          </div>
        </td>
      </tr>
      <tr
        class="file-table-row"
      >
        <td
          class="selected"
        >
          <button
            aria-checked="false"
            aria-label="Select"
            class="checkbox"
            role="checkbox"
          />
        </td>
        <td>
          netsh.exe
        </td>
        <td>
          Luigi
        </td>
        <td>
          \\Device\\HarddiskVolume2\\Windows\\System32\\netsh.exe
        </td>
        <td>
          <div
            class="status-cell"
          >
            <div
              aria-hidden="false"
              aria-label="available"
              class="available-marker visible"
              role="img"
            />
            Available
          </div>
        </td>
      </tr>
      <tr
        class="file-table-row"
      >
        <td
          class="selected"
        >
          <button
            aria-checked="false"
            aria-label="Select"
            class="checkbox"
            role="checkbox"
          />
        </td>
        <td>
          uxtheme.dll
        </td>
        <td>
          Peach
        </td>
        <td>
          \\Device\\HarddiskVolume1\\Windows\\System32\\uxtheme.dll
        </td>
        <td>
          <div
            class="status-cell"
          >
            <div
              aria-hidden="false"
              aria-label="available"
              class="available-marker visible"
              role="img"
            />
            Available
          </div>
        </td>
      </tr>
      <tr
        class="file-table-row unselectable"
      >
        <td
          class="selected"
        >
          <button
            aria-checked="false"
            aria-label="Select"
            class="checkbox disabled"
            disabled=""
            role="checkbox"
          />
        </td>
        <td>
          aries.sys
        </td>
        <td>
          Daisy
        </td>
        <td>
          \\Device\\HarddiskVolume1\\Windows\\System32\\aries.sys
        </td>
        <td>
          <div
            class="status-cell"
          >
            <div
              aria-hidden="true"
              aria-label="available"
              class="available-marker"
              role="img"
            />
            Scheduled
          </div>
        </td>
      </tr>
      <tr
        class="file-table-row unselectable"
      >
        <td
          class="selected"
        >
          <button
            aria-checked="false"
            aria-label="Select"
            class="checkbox disabled"
            disabled=""
            role="checkbox"
          />
        </td>
        <td>
          cryptbase.dll
        </td>
        <td>
          Yoshi
        </td>
        <td>
          \\Device\\HarddiskVolume1\\Windows\\System32\\cryptbase.dll
        </td>
        <td>
          <div
            class="status-cell"
          >
            <div
              aria-hidden="true"
              aria-label="available"
              class="available-marker"
              role="img"
            />
            Scheduled
          </div>
        </td>
      </tr>
      <tr
        class="file-table-row unselectable"
      >
        <td
          class="selected"
        >
          <button
            aria-checked="false"
            aria-label="Select"
            class="checkbox disabled"
            disabled=""
            role="checkbox"
          />
        </td>
        <td>
          7za.exe
        </td>
        <td>
          Toad
        </td>
        <td>
          \\Device\\HarddiskVolume1\\temp\\7za.exe
        </td>
        <td>
          <div
            class="status-cell"
          >
            <div
              aria-hidden="true"
              aria-label="available"
              class="available-marker"
              role="img"
            />
            Scheduled
          </div>
        </td>
      </tr>
    </tbody>
  </table>
</div>
`;
